2025-03-01 09:00:00 | WARN | repo=pv243-2015-security-seminar | action=commit
2025-11-21 07:59:00 | DEBUG | repo=pv243-2015-security-seminar | action=commit
2025-01-15 07:40:00 | WARN | repo=pv243-2015-security-seminar | action=pull
2025-11-27 17:32:00 | WARN | repo=pv243-2015-security-seminar | action=commit
2025-01-19 12:26:00 | INFO | repo=pv243-2015-security-seminar | action=commit
2025-08-19 09:49:00 | DEBUG | repo=pv243-2015-security-seminar | action=commit
2025-12-08 21:49:00 | WARN | repo=pv243-2015-security-seminar | action=commit
2025-04-04 09:54:00 | INFO | repo=pv243-2015-security-seminar | action=commit
2025-06-14 12:44:00 | WARN | repo=pv243-2015-security-seminar | action=commit
2025-05-13 21:14:00 | DEBUG | repo=pv243-2015-security-seminar | action=commit
2025-07-10 11:07:00 | WARN | repo=pv243-2015-security-seminar | action=commit
2025-02-16 07:15:00 | INFO | repo=pv243-2015-security-seminar | action=commit
2025-05-02 07:27:00 | DEBUG | repo=pv243-2015-security-seminar | action=commit
2025-10-10 20:21:00 | INFO | repo=pv243-2015-security-seminar | action=commit
2025-01-13 14:20:00 | INFO | repo=pv243-2015-security-seminar | action=commit
2025-07-24 20:45:00 | WARN | repo=pv243-2015-security-seminar | action=commit
2025-05-16 20:57:00 | WARN | repo=pv243-2015-security-seminar | action=commit
2025-05-17 20:38:00 | DEBUG | repo=pv243-2015-security-seminar | action=commit
2025-02-08 08:17:00 | INFO | repo=pv243-2015-security-seminar | action=commit
2025-01-03 19:10:00 | INFO | repo=pv243-2015-security-seminar | action=test | passed=true
2025-01-16 15:28:00 | INFO | repo=pv243-2015-security-seminar | action=commit
2025-04-21 07:10:00 | DEBUG | repo=pv243-2015-security-seminar | action=commit
2025-11-11 21:13:00 | INFO | repo=pv243-2015-security-seminar | action=commit
2025-04-14 07:52:00 | DEBUG | repo=pv243-2015-security-seminar | action=commit
2025-11-05 18:58:00 | INFO | repo=pv243-2015-security-seminar | action=commit
2025-07-28 12:17:00 | WARN | repo=pv243-2015-security-seminar | action=commit
2025-01-07 14:01:00 | WARN | repo=pv243-2015-security-seminar | action=test | passed=true
2025-11-11 08:41:00 | DEBUG | repo=pv243-2015-security-seminar | action=commit
2025-10-17 16:21:00 | WARN | repo=pv243-2015-security-seminar | action=commit
2025-08-25 11:29:00 | INFO | repo=pv243-2015-security-seminar | action=commit
2025-09-04 07:56:00 | INFO | repo=pv243-2015-security-seminar | action=commit
2025-11-23 18:40:00 | WARN | repo=pv243-2015-security-seminar | action=commit
2025-05-25 21:53:00 | INFO | repo=pv243-2015-security-seminar | action=pull
2025-01-01 20:08:00 | INFO | repo=pv243-2015-security-seminar | action=commit
2025-01-16 19:23:00 | DEBUG | repo=pv243-2015-security-seminar | action=commit
2025-07-09 08:11:00 | DEBUG | repo=pv243-2015-security-seminar | action=commit
2025-03-24 19:32:00 | INFO | repo=pv243-2015-security-seminar | action=commit
2025-10-06 07:28:00 | WARN | repo=pv243-2015-security-seminar | action=commit
2025-09-01 15:57:00 | DEBUG | repo=pv243-2015-security-seminar | action=commit
2025-01-16 21:21:00 | INFO | repo=pv243-2015-security-seminar | action=commit
2025-06-06 10:43:00 | DEBUG | repo=pv243-2015-security-seminar | action=commit
2025-08-02 08:28:00 | DEBUG | repo=pv243-2015-security-seminar | action=commit
2025-08-12 13:25:00 | WARN | repo=pv243-2015-security-seminar | action=commit
